// Jest Snapshot v1, https://goo.gl/fbAQLP

exports[`Block Component Snapshot : Block Component matches 1`] = `
<div
  style={
    Object {
      "backgroundColor": "undefined",
      "border": "0.5px solid white",
      "height": "undefinedpx",
      "width": "undefinedpx",
    }
  }
/>
`;
