// Jest Snapshot v1, https://goo.gl/fbAQLP

exports[`App Snapshot test App component Match SnapShot 1`] = `
Array [
  <div
    className="Toastify"
  />,
  <div
    className="App flex center alignCenter"
    style={
      Object {
        "alignItems": "center",
        "animation": "gradientBackground 20s infinite",
        "backgroundColor": "rgb(33, 35, 46)",
        "backgroundSize": "100% 100%",
        "color": "white",
        "display": "flex",
        "flexDirection": "column",
        "fontSize": "calc(10px + 2vmin)",
        "height": "100%",
        "overflow": "hidden",
      }
    }
  >
    <div
      className="Menu-centerSubContainer-9"
    >
      <div
        style={
          Object {
            "alignItems": "center",
            "display": "flex",
            "flexDirection": "row",
          }
        }
      >
        <p
          className="Title-redLabel-29"
        >
          Red
        </p>
        <p
          className="Title-tetrisLabel-30"
        >
          Tetris
        </p>
        <img
          alt="logo"
          src="test-file-stub"
          style={
            Object {
              "paddingLeft": "20px",
              "width": "100px",
            }
          }
        />
      </div>
      <div
        className="flex center alignCenter column Menu-chosen-16"
        style={
          Object {
            "display": "none",
          }
        }
      >
        <div
          className="flex center alignCenter column"
          style={
            Object {
              "display": "none",
            }
          }
        >
          <p>
            Enter existing room name
          </p>
          <input
            className="JoinComponent-input-36"
            onChange={[Function]}
            onKeyDown={[Function]}
          />
          <p
            className="JoinComponent-optionLabel-44"
            onClick={[Function]}
          >
            Join
          </p>
        </div>
        <div
          className="flex center alignCenter column"
          style={
            Object {
              "display": "none",
            }
          }
        >
          <p
            className="SoloComponent-optionLabel-60"
            onClick={[Function]}
          >
            Start
          </p>
        </div>
        <div
          className="flex center alignCenter column"
          style={
            Object {
              "display": "none",
            }
          }
        >
          <p>
            Enter a new room name
          </p>
          <input
            className="CreateComponent-input-68"
            onChange={[Function]}
            onKeyDown={[Function]}
          />
          <p
            className="CreateComponent-optionLabel-76"
            onClick={[Function]}
          >
            Create
          </p>
        </div>
        <div
          className="flex center alignCenter column"
          style={
            Object {
              "display": "none",
            }
          }
        >
          <p>
            Jorobin & Notraore
          </p>
        </div>
        <p
          className="Menu-optionLabel-12"
          onClick={[Function]}
        >
          Return
        </p>
      </div>
      <div
        className="flex column center alignCenter"
        style={null}
      >
        <div
          className="Menu-optionsContainer-10"
        >
          <div
            className="flex center alignCenter OptionComponent-option-107"
            onClick={[Function]}
            onMouseEnter={[Function]}
          >
            <p
              className="OptionComponent-optionLabel-108"
            >
              Solo
            </p>
          </div>
          <div
            className="flex center alignCenter OptionComponent-option-107"
            onClick={[Function]}
            onMouseEnter={[Function]}
          >
            <p
              className="OptionComponent-optionLabel-108"
            >
              Join
            </p>
          </div>
          <div
            className="flex center alignCenter OptionComponent-option-107"
            onClick={[Function]}
            onMouseEnter={[Function]}
          >
            <p
              className="OptionComponent-optionLabel-108"
            >
              Create
            </p>
          </div>
        </div>
        <div
          className="flex center Menu-optionsContainer-10"
        >
          <div
            className="flex center alignCenter OptionComponent-option-107"
            onClick={[Function]}
            onMouseEnter={[Function]}
          >
            <p
              className="OptionComponent-optionLabel-108"
            >
              Credits
            </p>
          </div>
        </div>
      </div>
      <div
        className="flex center alignCenter Menu-changeUsernameContainer-6"
        onClick={[Function]}
      >
        <p
          style={
            Object {
              "margin": "5px",
            }
          }
        >
          Username:

        </p>
        <div>
          <div
            className="flex center alignCenter"
            style={
              Object {
                "fontFamily": "Orbitron, sans-serif",
                "fontSize": "34px",
                "height": "50px",
                "width": "400px",
              }
            }
          />
        </div>
      </div>
    </div>
  </div>,
]
`;
