// Jest Snapshot v1, https://goo.gl/fbAQLP

exports[`canFit component Snapshot : canFit Component matches 1`] = `<canFit />`;
