// Jest Snapshot v1, https://goo.gl/fbAQLP

exports[`initialState SnapShotTest Component Match initialTetrisState Snapshot 1`] = `<initialTetriState />`;
