// Jest Snapshot v1, https://goo.gl/fbAQLP

exports[`Option Snapshot test OptionComponent render match the shot 1`] = `
<div
  className="flex center alignCenter undefined"
  onClick={[Function]}
  onMouseEnter={[Function]}
>
  <p />
</div>
`;
